Undefined {ub: "UB100", stderr: "", loc: "<7:5--7:18>"}
